// Jest Snapshot v1, https://goo.gl/fbAQLP

exports[`renders correctly 1`] = `
<div
  className="quote"
>
  <h2>
    Mathematics is not about numbers, equations , computations, or algorithms: it is about understanding. - William Thurston
  </h2>
</div>
`;
