// Jest Snapshot v1, https://goo.gl/fbAQLP

exports[`renders correctly 1`] = `
<div
  className="result"
>
  <h3>
    
  </h3>
</div>
`;
